0 verbose cli /usr/local/bin/node /usr/local/bin/npm
1 info using npm@11.17.0
2 info using node@v24.19.0
3 silly config load:file:/usr/local/lib/node_modules/npm/npmrc
4 silly config load:file:/Users/snipgoat/TeleMAX/.npmrc
5 silly config load:file:/Users/snipgoat/.npmrc
6 silly config load:file:/usr/local/etc/npmrc
7 verbose title npm install express sqlite3
8 verbose argv "install" "express" "sqlite3" "--cache" "./.npm-cache" "--no-audit" "--no-fund"
9 verbose logfile logs-max:10 dir:/Users/snipgoat/TeleMAX/.npm-cache/_logs/2026-08-06T18_25_52_733Z-
10 verbose logfile /Users/snipgoat/TeleMAX/.npm-cache/_logs/2026-08-06T18_25_52_733Z-debug-0.log
11 silly logfile done cleaning log files
12 silly packumentCache heap:4496293888 maxSize:1124073472 maxEntrySize:562036736
13 silly idealTree buildDeps
14 silly fetch manifest express@^4.22.2
15 silly packumentCache full:https://registry.npmjs.org/express cache-miss
16 http cache https://registry.npmjs.org/express 19ms (cache hit)
17 silly packumentCache full:https://registry.npmjs.org/express set size:804956 disposed:false
18 silly fetch manifest sqlite3@^5.1.7
19 silly packumentCache full:https://registry.npmjs.org/sqlite3 cache-miss
20 http cache https://registry.npmjs.org/sqlite3 2ms (cache hit)
21 silly packumentCache full:https://registry.npmjs.org/sqlite3 set size:330693 disposed:false
22 silly placeDep ROOT express@4.22.2 REPLACE for: telemax@0.1.0 want: ^4.22.2
23 silly placeDep ROOT sqlite3@5.1.7 REPLACE for: telemax@0.1.0 want: ^5.1.7
24 silly reify moves {}
25 warn allow-scripts 3 packages have install scripts not yet covered by allowScripts:
25 warn allow-scripts   esbuild@0.21.5 (postinstall: node install.js)
25 warn allow-scripts   fsevents@2.3.3 (install: (install scripts present))
25 warn allow-scripts   sqlite3@5.1.7 (install: prebuild-install -r napi || node-gyp rebuild)
25 warn allow-scripts
25 warn allow-scripts Run `npm approve-scripts --allow-scripts-pending` to review, or `npm approve-scripts <pkg>` to allow.
26 verbose cwd /Users/snipgoat/TeleMAX
27 verbose os Darwin 25.5.0
28 verbose node v24.19.0
29 verbose npm  v11.17.0
30 verbose exit 0
31 info ok
